// Jest Snapshot v1, https://goo.gl/fbAQLP

exports[`renders sucessfully matches snapshot 1`] = `
<DocumentFragment>
  <div
    class="Form-container"
  >
    <div
      class="spinner"
    />
  </div>
</DocumentFragment>
`;
